// Jest Snapshot v1, https://goo.gl/fbAQLP

exports[`Form Component should render a form 1`] = `
<form
  onSubmit={[Function]}
>
  <input
    onChange={[Function]}
    type="text"
    value="New Todo"
  />
  <button>
    Create Task
  </button>
</form>
`;
