// Jest Snapshot v1, https://goo.gl/fbAQLP

exports[`TodoItem Component should render a TodoItem 1`] = `
<Fragment>
  <h3>
    Todo: 
  </h3>
  <button
    onClick={[Function]}
  >
    Delete Todo
  </button>
</Fragment>
`;
