// Jest Snapshot v1, https://goo.gl/fbAQLP

exports[`TodoList Component can render TodoList 1`] = `
<ul>
  Todos:
</ul>
`;
